// Jest Snapshot v1, https://goo.gl/fbAQLP

exports[`component renders correctly 1`] = `
<View
  style={
    Object {
      "alignItems": "center",
      "flexDirection": "column",
    }
  }
>
  <Text
    accessible={true}
    allowFontScaling={true}
    disabled={false}
    ellipsizeMode="tail"
  >
    <Text
      accessible={true}
      allowFontScaling={true}
      disabled={false}
      ellipsizeMode="tail"
      style={
        Object {
          "color": "black",
          "fontFamily": "Avenir-Book",
          "fontSize": 24,
        }
      }
    >
      42
    </Text>
     
    <Text
      accessible={true}
      allowFontScaling={true}
      disabled={false}
      ellipsizeMode="tail"
      style={
        Object {
          "color": "#aaa",
          "fontSize": 11,
          "fontWeight": "700",
        }
      }
    >
      BAR
    </Text>
  </Text>
  <Text
    accessible={true}
    allowFontScaling={true}
    disabled={false}
    ellipsizeMode="tail"
    style={
      Object {
        "color": "#aaa",
        "fontSize": 11,
        "fontWeight": "500",
      }
    }
  >
    FOO
  </Text>
</View>
`;
